TLC2 Version 2.19 of 08 August 2024 (rev: 5a47802)
Running breadth-first search Model-Checking with fp 94 and seed 8130900175497466354 with 1 worker on 16 cores with 10923MB heap and 64MB offheap memory [pid: 22319] (Linux 7.0.0-34-generic amd64, Ubuntu 21.0.12.1 x86_64, MSBDiskFPSet, DiskStateQueue).
Parsing file /home/constantine/Programming/Constantine/Projects/RSDP/fault-tolerance-tla/split-brain/spec/LemmaOne.tla
Parsing file /tmp/Naturals.tla
Parsing file /tmp/FiniteSets.tla
Parsing file /tmp/TLC.tla
Parsing file /tmp/Sequences.tla
Semantic processing of module Naturals
Semantic processing of module Sequences
Semantic processing of module FiniteSets
Semantic processing of module TLC
Semantic processing of module LemmaOne
Starting... (2026-10-04 12:34:32)
<<"cases enumerated", 554>>
Computing initial states...
Finished computing initial states: 1 distinct state generated at 2026-10-04 12:34:34.
Model checking completed. No error has been found.
  Estimates of the probability that TLC did not check all reachable states
  because two distinct states had the same fingerprint:
  calculated (optimistic):  val = 5.4E-20
2 states generated, 1 distinct states found, 0 states left on queue.
The depth of the complete state graph search is 1.
The average outdegree of the complete state graph is 0 (minimum is 0, the maximum 0 and the 95th percentile is 0).
Finished in 01s at (2026-10-04 12:34:34)
