TLC2 Version 2.19 of 08 August 2024 (rev: 5a47802)
Running breadth-first search Model-Checking with fp 98 and seed -9223156266455392249 with 1 worker on 16 cores with 10923MB heap and 64MB offheap memory [pid: 23478] (Linux 7.0.0-34-generic amd64, Ubuntu 21.0.12.1 x86_64, MSBDiskFPSet, DiskStateQueue).
Parsing file /home/constantine/Programming/Constantine/Projects/RSDP/fault-tolerance-tla/split-brain/spec/SplitBrain.tla
Parsing file /tmp/Naturals.tla
Parsing file /tmp/FiniteSets.tla
Parsing file /tmp/Sequences.tla
Parsing file /tmp/TLC.tla
Semantic processing of module Naturals
Semantic processing of module Sequences
Semantic processing of module FiniteSets
Semantic processing of module TLC
Semantic processing of module SplitBrain
Starting... (2026-10-04 12:36:24)
Computing initial states...
Finished computing initial states: 1 distinct state generated at 2026-10-04 12:36:24.
Progress(7) at 2026-10-04 12:36:27: 42,338 states generated (42,338 s/min), 8,139 distinct states found (8,139 ds/min), 4,693 states left on queue.
Model checking completed. No error has been found.
  Estimates of the probability that TLC did not check all reachable states
  because two distinct states had the same fingerprint:
  calculated (optimistic):  val = 2.6E-10
  based on the actual fingerprints:  val = 1.8E-11
248660 states generated, 20968 distinct states found, 0 states left on queue.
The depth of the complete state graph search is 10.
The average outdegree of the complete state graph is 1 (minimum is 0, the maximum 31 and the 95th percentile is 4).
Finished in 15s at (2026-10-04 12:36:38)
