make shadow_on
cp models/shadow_on.cfg spec/rsdp.cfg
cd spec && java -XX:+UseParallelGC -Xmx4g -cp ../tla2tools.jar tlc2.TLC -workers auto -config rsdp.cfg rsdp.tla
TLC2 Version 2.19 of 08 August 2024 (rev: 5a47802)
Running breadth-first search Model-Checking with fp 69 and seed -3943784028281108046 with 16 workers on 16 cores with 3641MB heap and 64MB offheap memory [pid: 42472] (Linux 7.0.0-28-generic amd64, Ubuntu 21.0.11 x86_64, MSBDiskFPSet, DiskStateQueue).
Parsing file /home/constantine/Programming/Constantine/Projects/RSDP/fault-tolerance-tla/spec/rsdp.tla
Parsing file /tmp/Naturals.tla
Parsing file /tmp/Sequences.tla
Parsing file /tmp/TLC.tla
Parsing file /tmp/FiniteSets.tla
Semantic processing of module Naturals
Semantic processing of module Sequences
Semantic processing of module FiniteSets
Semantic processing of module TLC
Semantic processing of module rsdp
Starting... (2026-07-25 18:01:25)
Computing initial states...
Finished computing initial states: 1 distinct state generated at 2026-07-25 18:01:25.
Progress(21) at 2026-07-25 18:01:28: 1,781,368 states generated (1,781,368 s/min), 650,074 distinct states found (650,074 ds/min), 160,742 states left on queue.
Model checking completed. No error has been found.
  Estimates of the probability that TLC did not check all reachable states
  because two distinct states had the same fingerprint:
  calculated (optimistic):  val = 1.4E-6
  based on the actual fingerprints:  val = 2.5E-7
11208447 states generated, 3286066 distinct states found, 0 states left on queue.
The depth of the complete state graph search is 56.
The average outdegree of the complete state graph is 1 (minimum is 0, the maximum 8 and the 95th percentile is 3).
Finished in 16s at (2026-07-25 18:01:41)
rm -f spec/rsdp.cfg