make safety_n3

cp models/safety_n3.cfg spec/rsdp.cfg
cd spec && java -XX:+UseParallelGC -Xmx4g -cp ../tla2tools.jar tlc2.TLC -workers auto -config rsdp.cfg rsdp.tla
TLC2 Version 2.19 of 08 August 2024 (rev: 5a47802)
Running breadth-first search Model-Checking with fp 116 and seed -1900700801160747694 with 16 workers on 16 cores with 3641MB heap and 64MB offheap memory [pid: 41357] (Linux 7.0.0-28-generic amd64, Ubuntu 21.0.11 x86_64, MSBDiskFPSet, DiskStateQueue).
Parsing file /home/constantine/Programming/Constantine/Projects/RSDP/fault-tolerance-tla/spec/rsdp.tla
Parsing file /tmp/Naturals.tla
Parsing file /tmp/Sequences.tla
Parsing file /tmp/TLC.tla
Parsing file /tmp/FiniteSets.tla
Semantic processing of module Naturals
Semantic processing of module Sequences
Semantic processing of module FiniteSets
Semantic processing of module TLC
Semantic processing of module rsdp
Starting... (2026-07-25 17:55:34)
Implied-temporal checking--satisfiability problem has 1 branches.
Computing initial states...
Finished computing initial states: 1 distinct state generated at 2026-07-25 17:55:34.
Checking temporal properties for the current state space with 76185 total distinct states at (2026-07-25 17:55:37)
Finished checking temporal properties in 00s at 2026-07-25 17:55:38
Progress(21) at 2026-07-25 17:55:38: 335,436 states generated (335,436 s/min), 105,877 distinct states found (105,877 ds/min), 29,688 states left on queue.
Progress(45) at 2026-07-25 17:55:43: 1,108,257 states generated, 294,843 distinct states found, 0 states left on queue.
Checking temporal properties for the complete state space with 294843 total distinct states at (2026-07-25 17:55:43)
Finished checking temporal properties in 01s at 2026-07-25 17:55:44
Model checking completed. No error has been found.
  Estimates of the probability that TLC did not check all reachable states
  because two distinct states had the same fingerprint:
  calculated (optimistic):  val = 1.3E-8
  based on the actual fingerprints:  val = 1.8E-9
1108257 states generated, 294843 distinct states found, 0 states left on queue.
The depth of the complete state graph search is 45.
The average outdegree of the complete state graph is 1 (minimum is 0, the maximum 7 and the 95th percentile is 3).
Finished in 10s at (2026-07-25 17:55:44)
rm -f spec/rsdp.cfg